This is pdfTeX, Version 3.141592653-2.6-1.40.26 (MiKTeX 24.4) (preloaded format=pdflatex 2024.11.1)  3 NOV 2024 15:54
entering extended mode
 restricted \write18 enabled.
 file:line:error style messages enabled.
 %&-line parsing enabled.
**"c:/Users/Bez/Documents/UniStuffs/UON2024/Sem 2/AERO4600/Final Grp Assignment/AERO4600_A3/aero4600_a3/assignment3/Report2/aero4600_report_template/AERO4600_report_template.tex"
(c:/Users/Bez/Documents/UniStuffs/UON2024/Sem 2/AERO4600/Final Grp Assignment/AERO4600_A3/aero4600_a3/assignment3/Report2/aero4600_report_template/AERO4600_report_template.tex
LaTeX2e <2024-06-01> patch level 2
L3 programming layer <2024-10-09>

! LaTeX Error: File `UoNMCHA.cls' not found.

Type X to quit or <RETURN> to proceed,
or enter new name. (Default extension: cls)

Enter file name: 
c:/Users/Bez/Documents/UniStuffs/UON2024/Sem 2/AERO4600/Final Grp Assignment/AERO4600_A3/aero4600_a3/assignment3/Report2/aero4600_report_template/AERO4600_report_template.tex:2: Emergency stop.
<read *> 
         
l.2 \usepackage
               [authoryear]{natbib}^^M
*** (cannot \read from terminal in nonstop modes)

 
Here is how much of TeX's memory you used:
 22 strings out of 473896
 1050 string characters out of 5727385
 386323 words of memory out of 5000000
 22997 multiletter control sequences out of 15000+600000
 558069 words of font info for 36 fonts, out of 8000000 for 9000
 1141 hyphenation exceptions out of 8191
 19i,0n,29p,243b,17s stack positions out of 10000i,1000n,20000p,200000b,200000s
c:/Users/Bez/Documents/UniStuffs/UON2024/Sem 2/AERO4600/Final Grp Assignment/AERO4600_A3/aero4600_a3/assignment3/Report2/aero4600_report_template/AERO4600_report_template.tex:2:  ==> Fatal error occurred, no output PDF file produced!
